// Jest Snapshot v1, https://goo.gl/fbAQLP

exports[`MainChartComponent should match snapshot 1`] = `
<app-main-chart
  chart={[Function Chart]}
  coinService={[Function CoinService]}
  currentTimeline={[Function String]}
  ngUnsubscribe={[Function Subject]}
  ready="false"
  theme={[Function Object]}
  themeService={[Function ThemeService]}
  timelineOptions={[Function Array]}
>
  <div>
    <div
      class="chartToggle"
    >
      <mat-button-toggle-group
        aria-disabled="false"
        class="mat-button-toggle-group mat-button-toggle-group-appearance-standard"
        role="group"
      >
        
        <mat-button-toggle
          class="mat-button-toggle mat-button-toggle-appearance-standard"
          id="mat-button-toggle-17"
          tabindex="-1"
        >
          <button
            aria-pressed="false"
            class="mat-button-toggle-button"
            id="mat-button-toggle-17-button"
            name="mat-button-toggle-group-16"
            tabindex="0"
            type="button"
          >
            <div
              class="mat-button-toggle-label-content"
            >
               1h 
            </div>
          </button>
          <div
            class="mat-button-toggle-focus-overlay"
          />
          <div
            class="mat-button-toggle-ripple mat-ripple"
            matripple=""
          />
        </mat-button-toggle>
        <mat-button-toggle
          class="mat-button-toggle mat-button-toggle-appearance-standard"
          id="mat-button-toggle-18"
          tabindex="-1"
        >
          <button
            aria-pressed="false"
            class="mat-button-toggle-button"
            id="mat-button-toggle-18-button"
            name="mat-button-toggle-group-16"
            tabindex="0"
            type="button"
          >
            <div
              class="mat-button-toggle-label-content"
            >
               24h 
            </div>
          </button>
          <div
            class="mat-button-toggle-focus-overlay"
          />
          <div
            class="mat-button-toggle-ripple mat-ripple"
            matripple=""
          />
        </mat-button-toggle>
        <mat-button-toggle
          class="mat-button-toggle mat-button-toggle-appearance-standard"
          id="mat-button-toggle-19"
          tabindex="-1"
        >
          <button
            aria-pressed="false"
            class="mat-button-toggle-button"
            id="mat-button-toggle-19-button"
            name="mat-button-toggle-group-16"
            tabindex="0"
            type="button"
          >
            <div
              class="mat-button-toggle-label-content"
            >
               7d 
            </div>
          </button>
          <div
            class="mat-button-toggle-focus-overlay"
          />
          <div
            class="mat-button-toggle-ripple mat-ripple"
            matripple=""
          />
        </mat-button-toggle>
        <mat-button-toggle
          class="mat-button-toggle mat-button-toggle-appearance-standard"
          id="mat-button-toggle-20"
          tabindex="-1"
        >
          <button
            aria-pressed="false"
            class="mat-button-toggle-button"
            id="mat-button-toggle-20-button"
            name="mat-button-toggle-group-16"
            tabindex="0"
            type="button"
          >
            <div
              class="mat-button-toggle-label-content"
            >
               1m 
            </div>
          </button>
          <div
            class="mat-button-toggle-focus-overlay"
          />
          <div
            class="mat-button-toggle-ripple mat-ripple"
            matripple=""
          />
        </mat-button-toggle>
        <mat-button-toggle
          class="mat-button-toggle mat-button-toggle-appearance-standard"
          id="mat-button-toggle-21"
          tabindex="-1"
        >
          <button
            aria-pressed="false"
            class="mat-button-toggle-button"
            id="mat-button-toggle-21-button"
            name="mat-button-toggle-group-16"
            tabindex="0"
            type="button"
          >
            <div
              class="mat-button-toggle-label-content"
            >
               6m 
            </div>
          </button>
          <div
            class="mat-button-toggle-focus-overlay"
          />
          <div
            class="mat-button-toggle-ripple mat-ripple"
            matripple=""
          />
        </mat-button-toggle>
        <mat-button-toggle
          class="mat-button-toggle mat-button-toggle-appearance-standard"
          id="mat-button-toggle-22"
          tabindex="-1"
        >
          <button
            aria-pressed="false"
            class="mat-button-toggle-button"
            id="mat-button-toggle-22-button"
            name="mat-button-toggle-group-16"
            tabindex="0"
            type="button"
          >
            <div
              class="mat-button-toggle-label-content"
            >
               1y 
            </div>
          </button>
          <div
            class="mat-button-toggle-focus-overlay"
          />
          <div
            class="mat-button-toggle-ripple mat-ripple"
            matripple=""
          />
        </mat-button-toggle>
        <mat-button-toggle
          class="mat-button-toggle mat-button-toggle-checked mat-button-toggle-appearance-standard"
          id="mat-button-toggle-23"
          tabindex="-1"
        >
          <button
            aria-pressed="true"
            class="mat-button-toggle-button"
            id="mat-button-toggle-23-button"
            name="mat-button-toggle-group-16"
            tabindex="0"
            type="button"
          >
            <div
              class="mat-button-toggle-label-content"
            >
               3y 
            </div>
          </button>
          <div
            class="mat-button-toggle-focus-overlay"
          />
          <div
            class="mat-button-toggle-ripple mat-ripple"
            matripple=""
          />
        </mat-button-toggle>
      </mat-button-toggle-group>
    </div>
    
  </div><div
    fxlayout=""
    fxlayoutalign="center center"
  >
    
    <mat-spinner
      class="spinner mat-spinner mat-progress-spinner mat-primary mat-progress-spinner-indeterminate-animation"
      mode="indeterminate"
      role="progressbar"
      style="width: 100px; height: 100px;"
    >
      <svg
        focusable="false"
        preserveAspectRatio="xMidYMid meet"
        style="width: 100px; height: 100px;"
        viewBox="0 0 100 100"
      >
        
        <circle
          cx="50%"
          cy="50%"
          r="45"
          style="animation-name: mat-progress-spinner-stroke-rotate-100; stroke-dasharray: 282.7433388230814px; stroke-width: 10%;"
        />
        
      </svg>
    </mat-spinner>
  </div>
</app-main-chart>
`;
