// Jest Snapshot v1, https://goo.gl/fbAQLP

exports[`AppComponent should match snapshot 1`] = `
<app-root
  currentTheme={[Function String]}
  ngUnsubscribe={[Function Subject]}
  themeService={[Function ThemeService]}
>
  <div
    class="container light-theme"
  >
    <mat-drawer-container
      class="sideNav_container mat-drawer-container"
    >
      
      <div
        class="mat-drawer-backdrop"
      />
      <div
        aria-hidden="true"
        class="cdk-visually-hidden cdk-focus-trap-anchor"
      />
      <mat-drawer
        class="mat-drawer ng-trigger ng-trigger-transform mat-drawer-over"
        mode="over"
        style="box-shadow:none;visibility:hidden;0:box-shadow;1:visibility;"
        tabindex="-1"
      >
        <div
          class="mat-drawer-inner-container"
        >
          <p>
            Auto-resizing sidenav
          </p>
          <button>
            Market
          </button>
        </div>
      </mat-drawer>
      <div
        aria-hidden="true"
        class="cdk-visually-hidden cdk-focus-trap-anchor"
      />
      
      <mat-drawer-content
        class="mat-drawer-content"
      >
        <div
          class="sidenav-content"
        >
          <div
            class="routeContainer mat-elevation-z5"
          >
            <app-theme-switch />
            <router-outlet />
          </div>
        </div>
      </mat-drawer-content>
    </mat-drawer-container>
  </div>
</app-root>
`;
